
> dznews@1.0.0 start /var/www/html/dznews
> node --experimental-modules app.js 

connected
started listening at port 3000 ...
